[preview.tabler.io/index.html]
[backblue.gif]
[fade.gif]
[index.html]
[preview.tabler.io/stats/js/script.js]
[preview.tabler.io/favicon.ico]
[preview.tabler.io/dist/css/tabler.min4f79.css]
[preview.tabler.io/dist/css/tabler-flags.min4f79.css]
[preview.tabler.io/dist/css/tabler-payments.min4f79.css]
[preview.tabler.io/dist/css/tabler-vendors.min4f79.css]
[preview.tabler.io/dist/css/demo.min4f79.css]
[rsms.me/inter/inter.css]
[preview.tabler.io/dist/js/demo-theme.min4f79.js]
[preview.tabler.io/error-404.html]
[preview.tabler.io/static/avatars/000m.jpg]
[preview.tabler.io/index4965.html]
[preview.tabler.io/profile.html]
[preview.tabler.io/settings.html]
[preview.tabler.io/sign-in.html]
[preview.tabler.io/alerts.html]
[preview.tabler.io/index6a08.html]
[preview.tabler.io/accordion.html]
[preview.tabler.io/sign-in-link.html]
[preview.tabler.io/sign-in-illustration.html]
[preview.tabler.io/sign-in-cover.html]
[preview.tabler.io/sign-up.html]
[preview.tabler.io/forgot-password.html]
[preview.tabler.io/terms-of-service.html]
[preview.tabler.io/auth-lock.html]
[preview.tabler.io/2-step-verification.html]
[preview.tabler.io/2-step-verification-code.html]
[preview.tabler.io/blank.html]
[preview.tabler.io/badges.html]
[preview.tabler.io/buttons.html]
[preview.tabler.io/cards.html]
[preview.tabler.io/card-actions.html]
[preview.tabler.io/cards-masonry.html]
[preview.tabler.io/carousel.html]
[preview.tabler.io/charts.html]
[preview.tabler.io/colors.html]
[preview.tabler.io/colorpicker.html]
[preview.tabler.io/datagrid.html]
[preview.tabler.io/datatables.html]
[preview.tabler.io/dropdowns.html]
[preview.tabler.io/dropzone.html]
[preview.tabler.io/error-405.html]
[preview.tabler.io/error-500.html]
[preview.tabler.io/error-maintenance.html]
[preview.tabler.io/flags.html]
[preview.tabler.io/inline-player.html]
[preview.tabler.io/lightbox.html]
[preview.tabler.io/lists.html]
[preview.tabler.io/modals.html]
[preview.tabler.io/maps.html]
[preview.tabler.io/map-fullsize.html]
[preview.tabler.io/maps-vector.html]
[preview.tabler.io/markdown.html]
[preview.tabler.io/navigation.html]
[preview.tabler.io/offcanvas.html]
[preview.tabler.io/pagination.html]
[preview.tabler.io/placeholder.html]
[preview.tabler.io/steps.html]
[preview.tabler.io/stars-rating.html]
[preview.tabler.io/tabs.html]
[preview.tabler.io/tags.html]
[preview.tabler.io/tables.html]
[preview.tabler.io/toasts.html]
[preview.tabler.io/typography.html]
[preview.tabler.io/tinymce.html]
[preview.tabler.io/form-elements.html]
[preview.tabler.io/empty.html]
[preview.tabler.io/cookie-banner.html]
[preview.tabler.io/chat.html]
[preview.tabler.io/activity.html]
[preview.tabler.io/gallery.html]
[preview.tabler.io/invoice.html]
[preview.tabler.io/search-results.html]
[preview.tabler.io/pricing.html]
[preview.tabler.io/pricing-table.html]
[preview.tabler.io/faq.html]
[preview.tabler.io/users.html]
[preview.tabler.io/license.html]
[preview.tabler.io/logs.html]
[preview.tabler.io/music.html]
[preview.tabler.io/photogrid.html]
[preview.tabler.io/tasks.html]
[preview.tabler.io/uptime.html]
[preview.tabler.io/widgets.html]
[preview.tabler.io/wizard.html]
[preview.tabler.io/trial-ended.html]
[preview.tabler.io/job-listing.html]
[preview.tabler.io/page-loader.html]
[preview.tabler.io/layout-horizontal.html]
[preview.tabler.io/layout-boxed.html]
[preview.tabler.io/layout-vertical.html]
[preview.tabler.io/layout-vertical-transparent.html]
[preview.tabler.io/layout-vertical-right.html]
[preview.tabler.io/layout-condensed.html]
[preview.tabler.io/layout-combo.html]
[preview.tabler.io/layout-navbar-dark.html]
[preview.tabler.io/layout-navbar-sticky.html]
[preview.tabler.io/layout-navbar-overlap.html]
[preview.tabler.io/layout-rtl.html]
[preview.tabler.io/layout-fluid.html]
[preview.tabler.io/layout-fluid-vertical.html]
[preview.tabler.io/emails.html]
[preview.tabler.io/icons.html]
[preview.tabler.io/illustrations.html]
[preview.tabler.io/changelog.html]
[preview.tabler.io/static/avatars/002m.jpg]
[preview.tabler.io/static/avatars/003m.jpg]
[preview.tabler.io/static/avatars/000f.jpg]
[preview.tabler.io/static/avatars/001f.jpg]
[preview.tabler.io/static/avatars/002f.jpg]
[preview.tabler.io/static/avatars/003f.jpg]
[preview.tabler.io/static/avatars/006m.jpg]
[preview.tabler.io/static/avatars/004f.jpg]
[preview.tabler.io/static/avatars/007m.jpg]
[preview.tabler.io/static/avatars/009m.jpg]
[preview.tabler.io/static/avatars/010m.jpg]
[preview.tabler.io/static/avatars/005f.jpg]
[preview.tabler.io/static/avatars/006f.jpg]
[preview.tabler.io/static/sponsor-banner-homepage.svg]
[preview.tabler.io/dist/libs/apexcharts/dist/apexcharts.min4f79.js]
[preview.tabler.io/dist/libs/jsvectormap/dist/jsvectormap.min4f79.js]
[preview.tabler.io/dist/libs/jsvectormap/dist/maps/world4f79.js]
[preview.tabler.io/dist/libs/jsvectormap/dist/maps/world-merc4f79.js]
[preview.tabler.io/dist/js/tabler.min4f79.js]
[preview.tabler.io/index.html]
[preview.tabler.io/dist/css/tabler.min4f79.css]
[preview.tabler.io/dist/css/tabler-flags.min4f79.css]
[preview.tabler.io/dist/css/tabler-payments.min4f79.css]
[preview.tabler.io/dist/css/tabler-vendors.min4f79.css]
[preview.tabler.io/dist/css/demo.min4f79.css]
[preview.tabler.io/dist/js/demo.min4f79.js]
[rsms.me/inter/font-files/InterVariable8c94.woff2]
[rsms.me/inter/font-files/InterVariable-Italic8c94.woff2]
[rsms.me/inter/font-files/Inter-Thin8c94.woff2]
[rsms.me/inter/font-files/Inter-ThinItalic8c94.woff2]
[rsms.me/inter/font-files/Inter-ExtraLight8c94.woff2]
[rsms.me/inter/font-files/Inter-ExtraLightItalic8c94.woff2]
[rsms.me/inter/font-files/Inter-Light8c94.woff2]
[rsms.me/inter/font-files/Inter-LightItalic8c94.woff2]
[rsms.me/inter/font-files/Inter-Regular8c94.woff2]
[rsms.me/inter/font-files/Inter-Italic8c94.woff2]
[rsms.me/inter/font-files/Inter-Medium8c94.woff2]
[rsms.me/inter/font-files/Inter-MediumItalic8c94.woff2]
[rsms.me/inter/font-files/Inter-SemiBold8c94.woff2]
[rsms.me/inter/font-files/Inter-SemiBoldItalic8c94.woff2]
[rsms.me/inter/font-files/Inter-Bold8c94.woff2]
[rsms.me/inter/font-files/Inter-BoldItalic8c94.woff2]
[rsms.me/inter/font-files/Inter-ExtraBold8c94.woff2]
[rsms.me/inter/font-files/Inter-ExtraBoldItalic8c94.woff2]
[rsms.me/inter/font-files/Inter-Black8c94.woff2]
[rsms.me/inter/font-files/Inter-BlackItalic8c94.woff2]
[rsms.me/inter/font-files/InterDisplay-Thin8c94.woff2]
[rsms.me/inter/font-files/InterDisplay-ThinItalic8c94.woff2]
[rsms.me/inter/font-files/InterDisplay-ExtraLight8c94.woff2]
[rsms.me/inter/font-files/InterDisplay-ExtraLightItalic8c94.woff2]
[rsms.me/inter/font-files/InterDisplay-Light8c94.woff2]
[rsms.me/inter/font-files/InterDisplay-LightItalic8c94.woff2]
[rsms.me/inter/font-files/InterDisplay-Regular8c94.woff2]
[rsms.me/inter/font-files/InterDisplay-Italic8c94.woff2]
[rsms.me/inter/font-files/InterDisplay-Medium8c94.woff2]
[rsms.me/inter/font-files/InterDisplay-MediumItalic8c94.woff2]
[rsms.me/inter/font-files/InterDisplay-SemiBold8c94.woff2]
[rsms.me/inter/font-files/InterDisplay-SemiBoldItalic8c94.woff2]
[rsms.me/inter/font-files/InterDisplay-Bold8c94.woff2]
[rsms.me/inter/font-files/InterDisplay-BoldItalic8c94.woff2]
[rsms.me/inter/font-files/InterDisplay-ExtraBold8c94.woff2]
[rsms.me/inter/font-files/InterDisplay-ExtraBoldItalic8c94.woff2]
[rsms.me/inter/font-files/InterDisplay-Black8c94.woff2]
[rsms.me/inter/font-files/InterDisplay-BlackItalic8c94.woff2]
[rsms.me/inter/inter.css]
[preview.tabler.io/error-404.html]
[preview.tabler.io/index4965.html]
[preview.tabler.io/index6a08.html]
[preview.tabler.io/profile4965.html]
[preview.tabler.io/profile6a08.html]
[preview.tabler.io/profile.html]
[preview.tabler.io/cdn-cgi/scripts/5c5dd728/cloudflare-static/email-decode.min.js]
[preview.tabler.io/settings4965.html]
[preview.tabler.io/settings6a08.html]
[preview.tabler.io/settings.html]
[preview.tabler.io/sign-in.html]
[preview.tabler.io/settings-plan.html]
[preview.tabler.io/alerts4965.html]
[preview.tabler.io/alerts.html]
[preview.tabler.io/alerts6a08.html]
[preview.tabler.io/accordion4965.html]
[preview.tabler.io/accordion.html]
[preview.tabler.io/accordion6a08.html]
[preview.tabler.io/sign-in-link.html]
[preview.tabler.io/cdn-cgi/l/email-protection.html]
[preview.tabler.io/sign-in-illustration.html]
[preview.tabler.io/static/logo.svg]
[preview.tabler.io/static/photos/finances-us-dollars-and-bitcoins-currency-money-2.jpg]
[preview.tabler.io/sign-in-cover.html]
[preview.tabler.io/sign-up.html]
[preview.tabler.io/forgot-password.html]
[preview.tabler.io/terms-of-service.html]
[preview.tabler.io/auth-lock.html]
[preview.tabler.io/2-step-verification.html]
[preview.tabler.io/2-step-verification-code.html]
[preview.tabler.io/blank4965.html]
[preview.tabler.io/blank.html]
[preview.tabler.io/blank6a08.html]
[preview.tabler.io/badges4965.html]
[preview.tabler.io/badges.html]
[preview.tabler.io/badges6a08.html]
[preview.tabler.io/buttons4965.html]
[preview.tabler.io/buttons.html]
[preview.tabler.io/buttons6a08.html]
[preview.tabler.io/cards4965.html]
[preview.tabler.io/cards6a08.html]
[preview.tabler.io/static/photos/beautiful-blonde-woman-relaxing-with-a-can-of-coke-on-a-tree-stump-by-the-beach.jpg]
[preview.tabler.io/static/photos/finances-us-dollars-and-bitcoins-currency-money.jpg]
[preview.tabler.io/static/photos/home-office-desk-with-macbook-iphone-calendar-watch-and-organizer.jpg]
[preview.tabler.io/cards.html]
[preview.tabler.io/card-actions4965.html]
[preview.tabler.io/card-actions.html]
[preview.tabler.io/card-actions6a08.html]
[preview.tabler.io/cards-masonry4965.html]
[preview.tabler.io/cards-masonry6a08.html]
[preview.tabler.io/cards-masonry.html]
[cdnjs.cloudflare.com/ajax/libs/masonry/4.2.2/masonry.pkgd.min.js]
[preview.tabler.io/carousel4965.html]
[preview.tabler.io/carousel6a08.html]
[preview.tabler.io/static/photos/brainstorming-session-with-creative-designers.jpg]
[preview.tabler.io/static/photos/group-of-people-brainstorming-and-taking-notes-2.jpg]
[preview.tabler.io/static/photos/blue-sofa-with-pillows-in-a-designer-living-room-interior.jpg]
[preview.tabler.io/static/photos/young-woman-working-in-a-cafe.jpg]
[preview.tabler.io/static/photos/everything-you-need-to-work-from-your-bed.jpg]
[preview.tabler.io/static/photos/young-entrepreneur-working-from-a-modern-cafe.jpg]
[preview.tabler.io/static/photos/group-of-people-sightseeing-in-the-city.jpg]
[preview.tabler.io/static/photos/color-palette-guide-sample-colors-catalog-.jpg]
[preview.tabler.io/static/photos/stylish-workplace-with-computer-at-home.jpg]
[preview.tabler.io/static/photos/pink-desk-in-the-home-office.jpg]
[preview.tabler.io/static/photos/young-woman-sitting-on-the-sofa-and-working-on-her-laptop.jpg]
[preview.tabler.io/static/photos/coffee-on-a-table-with-other-items.jpg]
[preview.tabler.io/static/photos/young-entrepreneur-working-from-a-modern-cafe-2.jpg]
[preview.tabler.io/static/photos/soft-photo-of-woman-on-the-bed-with-the-book-and-cup-of-coffee-in-hands.jpg]
[preview.tabler.io/static/photos/fairy-lights-at-the-beach-in-bulgaria.jpg]
[preview.tabler.io/static/photos/woman-working-on-laptop-at-home-office.jpg]
[preview.tabler.io/static/photos/modern-home-office.jpg]
[preview.tabler.io/static/photos/blond-using-her-laptop-at-her-bedroom.jpg]
[preview.tabler.io/static/photos/tropical-palm-leaves-floral-pattern-background.jpg]
[preview.tabler.io/static/photos/woman-read-book-and-drink-coffee.jpg]
[preview.tabler.io/static/photos/book-on-the-grass.jpg]
[preview.tabler.io/static/photos/colorful-exotic-flowers-and-greenery.jpg]
[preview.tabler.io/static/photos/workplace-with-laptop-on-table-at-home.jpg]
[preview.tabler.io/static/photos/city-lights-reflected-in-the-water-at-night.jpg]
[preview.tabler.io/static/photos/cryptocurrency-bitcoin-coins.jpg]
[preview.tabler.io/static/photos/woman-read-book-and-drink-coffee-2.jpg]
[preview.tabler.io/static/photos/friends-at-a-restaurant-drinking-wine.jpg]
[preview.tabler.io/static/photos/beautiful-blonde-woman-on-a-wooden-pier-by-the-lake.jpg]
[preview.tabler.io/static/photos/white-apple-imac-computer-with-elephant-mousepad.jpg]
[preview.tabler.io/static/photos/workplace-with-laptop-on-table-at-home-2.jpg]
[preview.tabler.io/static/photos/working-in-a-restaurant-macbook-cheese-cake-and-cup-of-coffee.jpg]
[preview.tabler.io/carousel.html]
[preview.tabler.io/charts4965.html]
[preview.tabler.io/charts.html]
[preview.tabler.io/charts6a08.html]
[preview.tabler.io/colors4965.html]
[preview.tabler.io/colors.html]
[preview.tabler.io/colors6a08.html]
[preview.tabler.io/dist/libs/melloware/coloris/dist/coloris.min4f79.css]
[preview.tabler.io/colorpicker4965.html]
[preview.tabler.io/colorpicker6a08.html]
[preview.tabler.io/colorpicker.html]
[preview.tabler.io/dist/libs/melloware/coloris/dist/umd/coloris.min4f79.js]
[preview.tabler.io/datagrid4965.html]
[preview.tabler.io/datagrid.html]
[preview.tabler.io/datagrid6a08.html]
[preview.tabler.io/datatables4965.html]
[preview.tabler.io/datatables6a08.html]
[preview.tabler.io/datatables.html]
[preview.tabler.io/dist/libs/list.js/dist/list.min4f79.js]
[preview.tabler.io/dropdowns4965.html]
[preview.tabler.io/dropdowns.html]
[preview.tabler.io/dropdowns6a08.html]
[preview.tabler.io/dist/libs/dropzone/dist/dropzone4f79.css]
[preview.tabler.io/dropzone4965.html]
[preview.tabler.io/dropzone6a08.html]
[preview.tabler.io/dropzone.html]
[preview.tabler.io/error-405.html]
[preview.tabler.io/error-500.html]
[preview.tabler.io/error-maintenance.html]
[preview.tabler.io/dist/libs/dropzone/dist/dropzone-min4f79.js]
[preview.tabler.io/flags4965.html]
[preview.tabler.io/flags.html]
[preview.tabler.io/flags6a08.html]
[preview.tabler.io/dist/libs/plyr/dist/plyr4f79.css]
[preview.tabler.io/inline-player4965.html]
[preview.tabler.io/inline-player6a08.html]
[preview.tabler.io/inline-player.html]
[preview.tabler.io/dist/libs/plyr/dist/plyr.min4f79.js]
[preview.tabler.io/lightbox4965.html]
[preview.tabler.io/lightbox6a08.html]
[preview.tabler.io/static/photos/young-woman-sitting-on-the-sofa-and-working-on-her-laptop-2.jpg]
[preview.tabler.io/static/photos/brainstorming-session-with-creative-designers-2.jpg]
[preview.tabler.io/static/photos/woman-drinking-hot-tea-in-her-home-office.jpg]
[preview.tabler.io/static/photos/stylish-workspace-with-macbook-pro.jpg]
[preview.tabler.io/static/photos/people-by-a-banquet-table-full-with-food.jpg]
[preview.tabler.io/static/photos/woman-working-on-a-laptop-while-enjoying-a-breakfast-coffee-and-chocolate-in-bed.jpg]
[preview.tabler.io/static/photos/businesswoman-working-at-her-laptop.jpg]
[preview.tabler.io/static/photos/finances-us-dollars-and-bitcoins-currency-money-5.jpg]
[preview.tabler.io/static/photos/cup-of-coffee-on-table-in-cafe.jpg]
[preview.tabler.io/static/photos/young-woman-sitting-on-the-sofa-and-working-on-her-laptop-3.jpg]
[preview.tabler.io/static/photos/man-looking-out-to-sea.jpg]
[preview.tabler.io/static/photos/cup-of-coffee-on-table-in-cafe-2.jpg]
[preview.tabler.io/static/photos/workplace-with-laptop-on-table-at-home-3.jpg]
[preview.tabler.io/static/photos/businesswoman-working-at-her-laptop-2.jpg]
[preview.tabler.io/static/photos/cup-of-coffee-and-an-open-book.jpg]
[preview.tabler.io/static/photos/group-of-people-brainstorming-and-taking-notes-4.jpg]
[preview.tabler.io/static/photos/young-woman-sitting-on-the-sofa-and-working-on-her-laptop-4.jpg]
[preview.tabler.io/static/photos/making-magic-with-fairy-lights.jpg]
[preview.tabler.io/static/photos/woman-working-on-a-laptop-while-enjoying-a-breakfast-coffee-and-chocolate-in-bed-2.jpg]
[preview.tabler.io/static/photos/woman-drinking-tea-and-reading-book.jpg]
[preview.tabler.io/static/photos/a-woman-works-at-a-desk-with-a-laptop-and-a-cup-of-coffee.jpg]
[preview.tabler.io/static/photos/everything-you-need-to-work-from-your-bed-2.jpg]
[preview.tabler.io/static/photos/workplace-with-laptop-on-table-at-home-4.jpg]
[preview.tabler.io/static/photos/stylish-workspace-with-macbook-pro-2.jpg]
[preview.tabler.io/static/photos/netflix-drug-lords-from-narcos.jpg]
[preview.tabler.io/static/photos/stone-texture-high-resolution-background-2.jpg]
[preview.tabler.io/static/photos/a-visit-to-the-bookstore.jpg]
[preview.tabler.io/static/photos/books-and-purple-flowers-on-a-wooden-stool-by-the-bed.jpg]
[preview.tabler.io/static/photos/people-watching-a-presentation-in-a-room.jpg]
[preview.tabler.io/static/photos/home-office-laptop-organizer-and-cup-of-coffee.jpg]
[preview.tabler.io/lightbox.html]
[preview.tabler.io/dist/libs/fslightbox/index4f79.js]
[preview.tabler.io/lists4965.html]
[preview.tabler.io/lists6a08.html]
[preview.tabler.io/static/avatars/023f.jpg]
[preview.tabler.io/static/avatars/049m.jpg]
[preview.tabler.io/static/avatars/039m.jpg]
[preview.tabler.io/static/avatars/033m.jpg]
[preview.tabler.io/static/avatars/062m.jpg]
[preview.tabler.io/static/avatars/062f.jpg]
[preview.tabler.io/static/avatars/043m.jpg]
[preview.tabler.io/static/avatars/024m.jpg]
[preview.tabler.io/static/avatars/046m.jpg]
[preview.tabler.io/static/avatars/066m.jpg]
[preview.tabler.io/static/avatars/041f.jpg]
[preview.tabler.io/static/avatars/029m.jpg]
[preview.tabler.io/static/avatars/056m.jpg]
[preview.tabler.io/static/avatars/027m.jpg]
[preview.tabler.io/static/avatars/055m.jpg]
[preview.tabler.io/static/avatars/057m.jpg]
[preview.tabler.io/static/avatars/051f.jpg]
[preview.tabler.io/static/avatars/038m.jpg]
[preview.tabler.io/static/avatars/032m.jpg]
[preview.tabler.io/static/avatars/056f.jpg]
[preview.tabler.io/static/avatars/030m.jpg]
[preview.tabler.io/static/avatars/043f.jpg]
[preview.tabler.io/static/avatars/015m.jpg]
[preview.tabler.io/static/avatars/019m.jpg]
[preview.tabler.io/static/avatars/051m.jpg]
[preview.tabler.io/static/avatars/017m.jpg]
[preview.tabler.io/static/avatars/041m.jpg]
[preview.tabler.io/static/avatars/021m.jpg]
[preview.tabler.io/static/avatars/019f.jpg]
[preview.tabler.io/static/avatars/037f.jpg]
[preview.tabler.io/static/avatars/008f.jpg]
[preview.tabler.io/static/avatars/064m.jpg]
[preview.tabler.io/static/avatars/032f.jpg]
[preview.tabler.io/static/avatars/053m.jpg]
[preview.tabler.io/static/avatars/033f.jpg]
[preview.tabler.io/static/avatars/035f.jpg]
[preview.tabler.io/static/avatars/016f.jpg]
[preview.tabler.io/static/avatars/018m.jpg]
[preview.tabler.io/static/avatars/011f.jpg]
[preview.tabler.io/static/avatars/022f.jpg]
[preview.tabler.io/static/avatars/047m.jpg]
[preview.tabler.io/static/avatars/054m.jpg]
[preview.tabler.io/static/avatars/015f.jpg]
[preview.tabler.io/static/avatars/011m.jpg]
[preview.tabler.io/static/avatars/063m.jpg]
[preview.tabler.io/static/avatars/017f.jpg]
[preview.tabler.io/static/avatars/013f.jpg]
[preview.tabler.io/static/avatars/058f.jpg]
[preview.tabler.io/static/avatars/049f.jpg]
[preview.tabler.io/static/avatars/053f.jpg]
[preview.tabler.io/static/avatars/050f.jpg]
[preview.tabler.io/static/avatars/037m.jpg]
[preview.tabler.io/static/avatars/020m.jpg]
[preview.tabler.io/static/avatars/036m.jpg]
[preview.tabler.io/static/avatars/044m.jpg]
[preview.tabler.io/static/avatars/061m.jpg]
[preview.tabler.io/static/avatars/025m.jpg]
[preview.tabler.io/static/avatars/060m.jpg]
[preview.tabler.io/static/avatars/063f.jpg]
[preview.tabler.io/static/avatars/048m.jpg]
[preview.tabler.io/static/avatars/058m.jpg]
[preview.tabler.io/static/avatars/021f.jpg]
[preview.tabler.io/static/avatars/045m.jpg]
[preview.tabler.io/static/avatars/012f.jpg]
[preview.tabler.io/static/avatars/027f.jpg]
[preview.tabler.io/static/avatars/054f.jpg]
[preview.tabler.io/static/avatars/028m.jpg]
[preview.tabler.io/static/avatars/036f.jpg]
[preview.tabler.io/static/avatars/047f.jpg]
[preview.tabler.io/static/avatars/038f.jpg]
[preview.tabler.io/static/avatars/042f.jpg]
[preview.tabler.io/static/avatars/018f.jpg]
[preview.tabler.io/static/avatars/028f.jpg]
[preview.tabler.io/static/avatars/048f.jpg]
[preview.tabler.io/static/avatars/045f.jpg]
[preview.tabler.io/static/avatars/039f.jpg]
[preview.tabler.io/static/avatars/020f.jpg]
[preview.tabler.io/static/avatars/046f.jpg]
[preview.tabler.io/static/avatars/026m.jpg]
[preview.tabler.io/static/avatars/059f.jpg]
[preview.tabler.io/static/avatars/013m.jpg]
[preview.tabler.io/static/avatars/060f.jpg]
[preview.tabler.io/static/avatars/067m.jpg]
[preview.tabler.io/static/avatars/024f.jpg]
[preview.tabler.io/static/avatars/040f.jpg]
[preview.tabler.io/static/avatars/061f.jpg]
[preview.tabler.io/static/avatars/022m.jpg]
[preview.tabler.io/static/avatars/023m.jpg]
[preview.tabler.io/static/avatars/034f.jpg]
[preview.tabler.io/static/avatars/055f.jpg]
[preview.tabler.io/static/avatars/065f.jpg]
[preview.tabler.io/static/avatars/029f.jpg]
[preview.tabler.io/static/avatars/057f.jpg]
[preview.tabler.io/static/avatars/040m.jpg]
[preview.tabler.io/static/avatars/012m.jpg]
[preview.tabler.io/static/avatars/031f.jpg]
[preview.tabler.io/static/avatars/064f.jpg]
[preview.tabler.io/static/avatars/035m.jpg]
[preview.tabler.io/static/avatars/069m.jpg]
[preview.tabler.io/static/avatars/016m.jpg]
[preview.tabler.io/static/avatars/068m.jpg]
[preview.tabler.io/static/avatars/052f.jpg]
[preview.tabler.io/static/avatars/065m.jpg]
[preview.tabler.io/static/avatars/034m.jpg]
[preview.tabler.io/static/avatars/010f.jpg]
[preview.tabler.io/static/avatars/031m.jpg]
[preview.tabler.io/static/avatars/026f.jpg]
[preview.tabler.io/static/avatars/042m.jpg]
[preview.tabler.io/static/avatars/050m.jpg]
[preview.tabler.io/static/avatars/059m.jpg]
[preview.tabler.io/static/avatars/009f.jpg]
[preview.tabler.io/static/avatars/030f.jpg]
[preview.tabler.io/static/avatars/044f.jpg]
[preview.tabler.io/static/avatars/052m.jpg]
[preview.tabler.io/static/avatars/025f.jpg]
[preview.tabler.io/lists.html]
[preview.tabler.io/modals4965.html]
[preview.tabler.io/modals.html]
[preview.tabler.io/modals6a08.html]
[api.mapbox.com/mapbox-gl-js/v1.8.0/mapbox-gl.css]
[preview.tabler.io/maps4965.html]
[preview.tabler.io/maps6a08.html]
[preview.tabler.io/maps.html]
[api.mapbox.com/mapbox-gl-js/v1.8.0/mapbox-gl.js]
[preview.tabler.io/map-fullsize4965.html]
[preview.tabler.io/map-fullsize.html]
[preview.tabler.io/map-fullsize6a08.html]
[preview.tabler.io/maps-vector4965.html]
[preview.tabler.io/maps-vector.html]
[preview.tabler.io/maps-vector6a08.html]
[preview.tabler.io/markdown4965.html]
[preview.tabler.io/markdown6a08.html]
[preview.tabler.io/static/photos/contemporary-black-and-white-home-decor.jpg]
[preview.tabler.io/markdown.html]
[preview.tabler.io/navigation4965.html]
[preview.tabler.io/navigation.html]
[preview.tabler.io/navigation6a08.html]
[preview.tabler.io/offcanvas4965.html]
[preview.tabler.io/offcanvas.html]
[preview.tabler.io/offcanvas6a08.html]
[preview.tabler.io/pagination4965.html]
[preview.tabler.io/pagination.html]
[preview.tabler.io/pagination6a08.html]
[preview.tabler.io/placeholder4965.html]
[preview.tabler.io/placeholder.html]
[preview.tabler.io/placeholder6a08.html]
[preview.tabler.io/steps4965.html]
[preview.tabler.io/steps.html]
[preview.tabler.io/steps6a08.html]
[preview.tabler.io/dist/libs/star-rating.js/dist/star-rating.min4f79.css]
[preview.tabler.io/stars-rating4965.html]
[preview.tabler.io/stars-rating6a08.html]
[preview.tabler.io/stars-rating.html]
[preview.tabler.io/dist/libs/star-rating.js/dist/star-rating.min4f79.js]
[preview.tabler.io/tabs4965.html]
[preview.tabler.io/tabs.html]
[preview.tabler.io/tabs6a08.html]
[preview.tabler.io/tags4965.html]
[preview.tabler.io/tags.html]
[preview.tabler.io/tags6a08.html]
[preview.tabler.io/tables4965.html]
[preview.tabler.io/tables.html]
[preview.tabler.io/tables6a08.html]
[preview.tabler.io/toasts4965.html]
[preview.tabler.io/toasts.html]
[preview.tabler.io/toasts6a08.html]
[preview.tabler.io/typography4965.html]
[preview.tabler.io/typography.html]
[preview.tabler.io/typography6a08.html]
[preview.tabler.io/tinymce4965.html]
[preview.tabler.io/tinymce6a08.html]
[preview.tabler.io/tinymce.html]
[preview.tabler.io/dist/libs/tinymce/tinymce.min4f79.js]
[preview.tabler.io/form-elements4965.html]
[preview.tabler.io/form-elements6a08.html]
[preview.tabler.io/dist/libs/nouislider/dist/nouislider.min4f79.js]
[preview.tabler.io/dist/libs/litepicker/dist/litepicker4f79.js]
[preview.tabler.io/form-elements.html]
[preview.tabler.io/dist/libs/tom-select/dist/js/tom-select.base.min4f79.js]
[preview.tabler.io/empty4965.html]
[preview.tabler.io/empty.html]
[preview.tabler.io/empty6a08.html]
[preview.tabler.io/cookie-banner4965.html]
[preview.tabler.io/cookie-banner.html]
[preview.tabler.io/cookie-banner6a08.html]
[preview.tabler.io/chat4965.html]
[preview.tabler.io/chat6a08.html]
[preview.tabler.io/chat.html]
[preview.tabler.io/activity4965.html]
[preview.tabler.io/activity.html]
[preview.tabler.io/activity6a08.html]
[preview.tabler.io/gallery4965.html]
[preview.tabler.io/gallery.html]
[preview.tabler.io/gallery6a08.html]
[preview.tabler.io/invoice4965.html]
[preview.tabler.io/invoice.html]
[preview.tabler.io/invoice6a08.html]
[preview.tabler.io/search-results4965.html]
[preview.tabler.io/search-results.html]
[preview.tabler.io/search-results6a08.html]
[preview.tabler.io/pricing4965.html]
[preview.tabler.io/pricing.html]
[preview.tabler.io/pricing6a08.html]
[preview.tabler.io/pricing-table4965.html]
[preview.tabler.io/pricing-table.html]
[preview.tabler.io/pricing-table6a08.html]
[preview.tabler.io/faq4965.html]
[preview.tabler.io/faq.html]
[preview.tabler.io/faq6a08.html]
[preview.tabler.io/users4965.html]
[preview.tabler.io/users.html]
[preview.tabler.io/users6a08.html]
[preview.tabler.io/license4965.html]
[preview.tabler.io/license.html]
[preview.tabler.io/license6a08.html]
[preview.tabler.io/logs4965.html]
[preview.tabler.io/logs.html]
[preview.tabler.io/logs6a08.html]
[preview.tabler.io/music4965.html]
[preview.tabler.io/music6a08.html]
[preview.tabler.io/static/tracks/a4fb1d293bd8d3fd38352418c50fcf1369a7a87d.jpg]
[preview.tabler.io/static/tracks/f04bb6fba32e89475d9981007aff21e13745dec2.jpg]
[preview.tabler.io/static/tracks/c3f13b4f7a674abda9aa36fd72fa341e918c0f26.jpg]
[preview.tabler.io/static/tracks/4d4ab714dfca7b9df41d4a02a2c39394ebdeb6b6.jpg]
[preview.tabler.io/static/tracks/79b2422b467ad20c07576e8f8f5f2f1692ac7142.jpg]
[preview.tabler.io/static/tracks/aac97056fc02fe02c7e95f7ff77a07c6e82f7d6e.jpg]
[preview.tabler.io/static/tracks/859337f0eaa49b1ad6ed76719b7c1ae26d6412c8.jpg]
[preview.tabler.io/static/tracks/2e7357491deb8a6796ee8d9181ca9ea1f407bb5f.jpg]
[preview.tabler.io/static/tracks/c976bfc96d5e44820e553a16a6097cd02a61fd2f.jpg]
[preview.tabler.io/static/tracks/c9a8350feee77e9345eec4155cddc96694803d1a.jpg]
[preview.tabler.io/static/tracks/fe4ee21d30450829e5b172e806b3c1e14ca1e5f3.jpg]
[preview.tabler.io/static/tracks/f4e96086f44c4dff1758b1fc1338cd88c1b5ce9c.jpg]
[preview.tabler.io/static/tracks/73f4938130140174efb1cc0a82ececb277e40932.jpg]
[preview.tabler.io/music.html]
[preview.tabler.io/static/tracks/cfb2a532996512eff95c4b0d566d067384aaa441.jpg]
[preview.tabler.io/photogrid4965.html]
[preview.tabler.io/photogrid6a08.html]
[preview.tabler.io/static/photos/finances-us-dollars-and-bitcoins-currency-money-3.jpg]
[preview.tabler.io/static/photos/elegant-home-office-with-golden-accessories.jpg]
[preview.tabler.io/photogrid.html]
[preview.tabler.io/tasks4965.html]
[preview.tabler.io/tasks6a08.html]
[preview.tabler.io/static/projects/dashboard-1.png]
[preview.tabler.io/static/projects/dashboard-3.png]
[preview.tabler.io/static/projects/dashboard-2.png]
[preview.tabler.io/tasks.html]
[preview.tabler.io/uptime4965.html]
[preview.tabler.io/uptime.html]
[preview.tabler.io/uptime6a08.html]
[preview.tabler.io/widgets4965.html]
[preview.tabler.io/widgets6a08.html]
[cdn.dribbble.com/users/844826/screenshots/14553706/media/image_processing20201110-29809-rtg6bv.png_; filename_=UTF-8''image_processing20201110-29809-rtg6bv.png]
[cdn.dribbble.com/users/844826/screenshots/14547977/media/image_processing20201109-4892-xlj79p.png_; filename_=UTF-8''image_processing20201109-4892-xlj79p.png]
[preview.tabler.io/widgets.html]
[preview.tabler.io/wizard.html]
[preview.tabler.io/trial-ended.html]
[preview.tabler.io/job-listing4965.html]
[preview.tabler.io/job-listing6a08.html]
[preview.tabler.io/static/jobs/job-1.jpg]
[preview.tabler.io/static/jobs/job-2.png]
[preview.tabler.io/static/jobs/job-3.png]
[preview.tabler.io/static/jobs/job-4.png]
[preview.tabler.io/static/jobs/job-5.png]
[preview.tabler.io/static/jobs/job-6.png]
[preview.tabler.io/static/jobs/job-7.png]
[preview.tabler.io/static/jobs/job-8.png]
[preview.tabler.io/static/jobs/job-9.jpg]
[preview.tabler.io/job-listing.html]
[preview.tabler.io/page-loader.html]
[preview.tabler.io/static/logo-small.svg]
[preview.tabler.io/layout-horizontal4965.html]
[preview.tabler.io/layout-horizontal.html]
[preview.tabler.io/layout-horizontal6a08.html]
[preview.tabler.io/layout-boxed4965.html]
[preview.tabler.io/layout-boxed.html]
[preview.tabler.io/layout-boxed6a08.html]
[preview.tabler.io/layout-vertical4965.html]
[preview.tabler.io/layout-vertical.html]
[preview.tabler.io/layout-vertical6a08.html]
[preview.tabler.io/layout-vertical-transparent4965.html]
[preview.tabler.io/layout-vertical-transparent.html]
[preview.tabler.io/layout-vertical-transparent6a08.html]
[preview.tabler.io/layout-vertical-right4965.html]
[preview.tabler.io/layout-vertical-right.html]
[preview.tabler.io/layout-vertical-right6a08.html]
[preview.tabler.io/layout-condensed4965.html]
[preview.tabler.io/layout-condensed.html]
[preview.tabler.io/layout-condensed6a08.html]
[preview.tabler.io/layout-combo4965.html]
[preview.tabler.io/layout-combo.html]
[preview.tabler.io/layout-combo6a08.html]
[preview.tabler.io/layout-navbar-dark4965.html]
[preview.tabler.io/layout-navbar-dark.html]
[preview.tabler.io/layout-navbar-dark6a08.html]
[preview.tabler.io/layout-navbar-sticky4965.html]
[preview.tabler.io/layout-navbar-sticky.html]
[preview.tabler.io/layout-navbar-sticky6a08.html]
[preview.tabler.io/layout-navbar-overlap4965.html]
[preview.tabler.io/layout-navbar-overlap.html]
[preview.tabler.io/layout-navbar-overlap6a08.html]
[preview.tabler.io/dist/css/tabler.rtl.min4f79.css]
[preview.tabler.io/dist/css/tabler-flags.rtl.min4f79.css]
[preview.tabler.io/dist/css/tabler-payments.rtl.min4f79.css]
[preview.tabler.io/dist/css/tabler-vendors.rtl.min4f79.css]
[preview.tabler.io/dist/css/demo.rtl.min4f79.css]
[preview.tabler.io/layout-rtl4965.html]
[preview.tabler.io/layout-rtl.html]
[preview.tabler.io/layout-rtl6a08.html]
[preview.tabler.io/layout-fluid4965.html]
[preview.tabler.io/layout-fluid.html]
[preview.tabler.io/layout-fluid6a08.html]
[preview.tabler.io/layout-fluid-vertical4965.html]
[preview.tabler.io/layout-fluid-vertical.html]
[preview.tabler.io/layout-fluid-vertical6a08.html]
[preview.tabler.io/icons4965.html]
[preview.tabler.io/icons6a08.html]
[preview.tabler.io/icons.html]
[preview.tabler.io/emails4965.html]
[preview.tabler.io/emails6a08.html]
[preview.tabler.io/static/emails/absence.png]
[preview.tabler.io/static/emails/activities.png]
[preview.tabler.io/static/emails/blog-post.png]
[preview.tabler.io/static/emails/collection.png]
[preview.tabler.io/static/emails/conference.png]
[preview.tabler.io/static/emails/confirmation.png]
[preview.tabler.io/static/emails/download.png]
[preview.tabler.io/static/emails/error.png]
[preview.tabler.io/static/emails/event-invitation.png]
[preview.tabler.io/static/emails/featured-photo.png]
[preview.tabler.io/static/emails/features-2.png]
[preview.tabler.io/static/emails/features.png]
[preview.tabler.io/static/emails/friend-request.png]
[preview.tabler.io/static/emails/gdpr.png]
[preview.tabler.io/static/emails/help.png]
[preview.tabler.io/static/emails/invitation.png]
[preview.tabler.io/static/emails/invoice.png]
[preview.tabler.io/static/emails/last-conversation.png]
[preview.tabler.io/static/emails/license.png]
[preview.tabler.io/static/emails/message.png]
[preview.tabler.io/static/emails/missing-order.png]
[preview.tabler.io/static/emails/newsletter.png]
[preview.tabler.io/static/emails/offer.png]
[preview.tabler.io/static/emails/order.png]
[preview.tabler.io/static/emails/password.png]
[preview.tabler.io/static/emails/payment.png]
[preview.tabler.io/static/emails/popular-posts.png]
[preview.tabler.io/static/emails/pricing.png]
[preview.tabler.io/static/emails/product-available.png]
[preview.tabler.io/static/emails/progress.png]
[preview.tabler.io/static/emails/projects.png]
[preview.tabler.io/static/emails/promo-code.png]
[preview.tabler.io/static/emails/register.png]
[preview.tabler.io/static/emails/reminder.png]
[preview.tabler.io/static/emails/repo-stats.png]
[preview.tabler.io/static/emails/sale.png]
[preview.tabler.io/static/emails/schedule.png]
[preview.tabler.io/static/emails/shipped.png]
[preview.tabler.io/static/emails/stats-2.png]
[preview.tabler.io/static/emails/stats.png]
[preview.tabler.io/static/emails/subscribe.png]
[preview.tabler.io/static/emails/subscription.png]
[preview.tabler.io/static/emails/survey.png]
[preview.tabler.io/static/emails/todo.png]
[preview.tabler.io/static/emails/top-comments.png]
[preview.tabler.io/static/emails/ui-colors.png]
[preview.tabler.io/static/emails/ui-grid.png]
[preview.tabler.io/static/emails/ui-typography.png]
[preview.tabler.io/static/emails/valentines-1.png]
[preview.tabler.io/static/emails/valentines-2.png]
[preview.tabler.io/static/emails/valentines-3.png]
[preview.tabler.io/static/emails/valentines-4.png]
[preview.tabler.io/static/emails/visitors-map.png]
[preview.tabler.io/static/emails/wishlist.png]
[preview.tabler.io/emails.html]
[preview.tabler.io/illustrations4965.html]
[preview.tabler.io/illustrations6a08.html]
[preview.tabler.io/static/illustrations/light/weightlifting.png]
[preview.tabler.io/static/illustrations/dark/weightlifting.png]
[preview.tabler.io/static/illustrations/light/wait.png]
[preview.tabler.io/static/illustrations/dark/wait.png]
[preview.tabler.io/static/illustrations/light/video.png]
[preview.tabler.io/static/illustrations/dark/video.png]
[preview.tabler.io/static/illustrations/light/to-do.png]
[preview.tabler.io/static/illustrations/dark/to-do.png]
[preview.tabler.io/static/illustrations/light/telescope.png]
[preview.tabler.io/static/illustrations/dark/telescope.png]
[preview.tabler.io/static/illustrations/light/snowman.png]
[preview.tabler.io/static/illustrations/dark/snowman.png]
[preview.tabler.io/static/illustrations/light/shield.png]
[preview.tabler.io/static/illustrations/dark/shield.png]
[preview.tabler.io/static/illustrations/light/search.png]
[preview.tabler.io/static/illustrations/dark/search.png]
[preview.tabler.io/static/illustrations/light/project.png]
[preview.tabler.io/static/illustrations/dark/project.png]
[preview.tabler.io/static/illustrations/light/not-found.png]
[preview.tabler.io/static/illustrations/dark/not-found.png]
[preview.tabler.io/static/illustrations/light/neutral-info.png]
[preview.tabler.io/static/illustrations/dark/neutral-info.png]
[preview.tabler.io/static/illustrations/light/music.png]
[preview.tabler.io/static/illustrations/dark/music.png]
[preview.tabler.io/static/illustrations/light/mobile-computer.png]
[preview.tabler.io/static/illustrations/dark/mobile-computer.png]
[preview.tabler.io/static/illustrations/light/message.png]
[preview.tabler.io/static/illustrations/dark/message.png]
[preview.tabler.io/static/illustrations/light/map-destination.png]
[preview.tabler.io/static/illustrations/dark/map-destination.png]
[preview.tabler.io/static/illustrations/light/loading.png]
[preview.tabler.io/static/illustrations/dark/loading.png]
[preview.tabler.io/static/illustrations/light/kite.png]
[preview.tabler.io/static/illustrations/dark/kite.png]
[preview.tabler.io/static/illustrations/light/icons.png]
[preview.tabler.io/static/illustrations/dark/icons.png]
[preview.tabler.io/static/illustrations/light/icons-workshop.png]
[preview.tabler.io/static/illustrations/dark/icons-workshop.png]
[preview.tabler.io/static/illustrations/light/icons-production.png]
[preview.tabler.io/static/illustrations/dark/icons-production.png]
[preview.tabler.io/static/illustrations/light/icons-ladder.png]
[preview.tabler.io/static/illustrations/dark/icons-ladder.png]
[preview.tabler.io/static/illustrations/light/icons-drawing.png]
[preview.tabler.io/static/illustrations/dark/icons-drawing.png]
[preview.tabler.io/static/illustrations/light/icons-drawing-run.png]
[preview.tabler.io/static/illustrations/dark/icons-drawing-run.png]
[preview.tabler.io/static/illustrations/light/ice-skates.png]
[preview.tabler.io/static/illustrations/dark/ice-skates.png]
[preview.tabler.io/static/illustrations/light/guitar.png]
[preview.tabler.io/static/illustrations/dark/guitar.png]
[preview.tabler.io/static/illustrations/light/good-news.png]
[preview.tabler.io/static/illustrations/dark/good-news.png]
[preview.tabler.io/static/illustrations/light/girl-refresh.png]
[preview.tabler.io/static/illustrations/dark/girl-refresh.png]
[preview.tabler.io/static/illustrations/light/girl-phone.png]
[preview.tabler.io/static/illustrations/dark/girl-phone.png]
[preview.tabler.io/static/illustrations/light/gift.png]
[preview.tabler.io/static/illustrations/dark/gift.png]
[preview.tabler.io/static/illustrations/light/folders.png]
[preview.tabler.io/static/illustrations/dark/folders.png]
[preview.tabler.io/static/illustrations/light/flowers.png]
[preview.tabler.io/static/illustrations/dark/flowers.png]
[preview.tabler.io/static/illustrations/light/fingerprint.png]
[preview.tabler.io/static/illustrations/dark/fingerprint.png]
[preview.tabler.io/static/illustrations/light/exit.png]
[preview.tabler.io/static/illustrations/dark/exit.png]
[preview.tabler.io/static/illustrations/light/error.png]
[preview.tabler.io/static/illustrations/dark/error.png]
[preview.tabler.io/static/illustrations/light/email.png]
[preview.tabler.io/static/illustrations/dark/email.png]
[preview.tabler.io/static/illustrations/light/electric-scooter.png]
[preview.tabler.io/static/illustrations/dark/electric-scooter.png]
[preview.tabler.io/static/illustrations/light/dart.png]
[preview.tabler.io/static/illustrations/dark/dart.png]
[preview.tabler.io/static/illustrations/light/dance.png]
[preview.tabler.io/static/illustrations/dark/dance.png]
[preview.tabler.io/static/illustrations/light/conversation.png]
[preview.tabler.io/static/illustrations/dark/conversation.png]
[preview.tabler.io/static/illustrations/light/computer-fix.png]
[preview.tabler.io/static/illustrations/dark/computer-fix.png]
[preview.tabler.io/static/illustrations/light/clock-and-cat.png]
[preview.tabler.io/static/illustrations/dark/clock-and-cat.png]
[preview.tabler.io/static/illustrations/light/chart.png]
[preview.tabler.io/static/illustrations/dark/chart.png]
[preview.tabler.io/static/illustrations/light/chart-circle.png]
[preview.tabler.io/static/illustrations/dark/chart-circle.png]
[preview.tabler.io/static/illustrations/light/calendar.png]
[preview.tabler.io/static/illustrations/dark/calendar.png]
[preview.tabler.io/static/illustrations/light/building.png]
[preview.tabler.io/static/illustrations/dark/building.png]
[preview.tabler.io/static/illustrations/light/boy.png]
[preview.tabler.io/static/illustrations/dark/boy.png]
[preview.tabler.io/static/illustrations/light/boy-with-key.png]
[preview.tabler.io/static/illustrations/dark/boy-with-key.png]
[preview.tabler.io/static/illustrations/light/boy-gives-flowers.png]
[preview.tabler.io/static/illustrations/dark/boy-gives-flowers.png]
[preview.tabler.io/static/illustrations/light/boy-girl.png]
[preview.tabler.io/static/illustrations/dark/boy-girl.png]
[preview.tabler.io/static/illustrations/light/boy-and-laptop.png]
[preview.tabler.io/static/illustrations/dark/boy-and-laptop.png]
[preview.tabler.io/static/illustrations/light/boy-and-cat.png]
[preview.tabler.io/static/illustrations/dark/boy-and-cat.png]
[preview.tabler.io/static/illustrations/light/bicycle.png]
[preview.tabler.io/static/illustrations/dark/bicycle.png]
[preview.tabler.io/static/illustrations/light/bad-news.png]
[preview.tabler.io/static/illustrations/dark/bad-news.png]
[preview.tabler.io/static/illustrations/light/archive.png]
[preview.tabler.io/static/illustrations/dark/archive.png]
[preview.tabler.io/static/illustrations/light/ai.png]
[preview.tabler.io/static/illustrations/dark/ai.png]
[preview.tabler.io/illustrations.html]
[preview.tabler.io/changelog4965.html]
[preview.tabler.io/changelog.html]
[preview.tabler.io/static/sponsor-banner-homepage.svg]
[preview.tabler.io/changelog6a08.html]
[preview.tabler.io/profile4965.html]
[preview.tabler.io/profile6a08.html]
[preview.tabler.io/settings4965.html]
[preview.tabler.io/settings6a08.html]
[preview.tabler.io/settings-plan4965.html]
[preview.tabler.io/settings-plan.html]
[preview.tabler.io/alerts4965.html]
[preview.tabler.io/alerts6a08.html]
[preview.tabler.io/accordion4965.html]
[preview.tabler.io/accordion6a08.html]
[preview.tabler.io/cdn-cgi/l/email-protection.html]
[preview.tabler.io/static/logo.svg]
[preview.tabler.io/blank4965.html]
[preview.tabler.io/blank6a08.html]
[preview.tabler.io/badges4965.html]
[preview.tabler.io/badges6a08.html]
[preview.tabler.io/buttons4965.html]
[preview.tabler.io/buttons6a08.html]
[preview.tabler.io/cards4965.html]
[preview.tabler.io/cards6a08.html]
[preview.tabler.io/card-actions4965.html]
[preview.tabler.io/settings-plan6a08.html]
[preview.tabler.io/card-actions6a08.html]
[preview.tabler.io/cards-masonry4965.html]
[preview.tabler.io/cards-masonry6a08.html]
[preview.tabler.io/carousel4965.html]
[preview.tabler.io/carousel6a08.html]
[preview.tabler.io/charts4965.html]
[preview.tabler.io/charts6a08.html]
[preview.tabler.io/colors4965.html]
[preview.tabler.io/colors6a08.html]
[preview.tabler.io/dist/libs/melloware/coloris/dist/coloris.min4f79.css]
[preview.tabler.io/colorpicker4965.html]
[preview.tabler.io/colorpicker6a08.html]
[preview.tabler.io/datagrid4965.html]
[preview.tabler.io/datagrid6a08.html]
[preview.tabler.io/datatables4965.html]
[preview.tabler.io/datatables6a08.html]
[preview.tabler.io/dropdowns4965.html]
[preview.tabler.io/dropdowns6a08.html]
[preview.tabler.io/dist/libs/dropzone/dist/dropzone4f79.css]
[preview.tabler.io/dropzone4965.html]
[preview.tabler.io/dropzone6a08.html]
[preview.tabler.io/flags4965.html]
[preview.tabler.io/flags6a08.html]
[preview.tabler.io/dist/libs/plyr/dist/plyr4f79.css]
[preview.tabler.io/inline-player4965.html]
[preview.tabler.io/inline-player6a08.html]
[preview.tabler.io/lightbox4965.html]
[preview.tabler.io/lightbox6a08.html]
[preview.tabler.io/lists4965.html]
[preview.tabler.io/lists6a08.html]
[preview.tabler.io/modals4965.html]
[preview.tabler.io/modals6a08.html]
[api.mapbox.com/mapbox-gl-js/v1.8.0/mapbox-gl.css]
[preview.tabler.io/maps4965.html]
[preview.tabler.io/maps6a08.html]
[preview.tabler.io/map-fullsize4965.html]
[preview.tabler.io/map-fullsize6a08.html]
[preview.tabler.io/maps-vector4965.html]
[preview.tabler.io/maps-vector6a08.html]
[preview.tabler.io/markdown4965.html]
[preview.tabler.io/markdown6a08.html]
[preview.tabler.io/navigation4965.html]
[preview.tabler.io/navigation6a08.html]
[preview.tabler.io/offcanvas4965.html]
[preview.tabler.io/offcanvas6a08.html]
[preview.tabler.io/pagination4965.html]
[preview.tabler.io/pagination6a08.html]
[preview.tabler.io/placeholder4965.html]
[preview.tabler.io/placeholder6a08.html]
[preview.tabler.io/steps4965.html]
[preview.tabler.io/steps6a08.html]
[preview.tabler.io/dist/libs/star-rating.js/dist/star-rating.min4f79.css]
[preview.tabler.io/stars-rating4965.html]
[preview.tabler.io/stars-rating6a08.html]
[preview.tabler.io/tabs4965.html]
[preview.tabler.io/tabs6a08.html]
[preview.tabler.io/tags4965.html]
[preview.tabler.io/tags6a08.html]
[preview.tabler.io/tables4965.html]
[preview.tabler.io/tables6a08.html]
[preview.tabler.io/toasts4965.html]
[preview.tabler.io/toasts6a08.html]
[preview.tabler.io/typography4965.html]
[preview.tabler.io/typography6a08.html]
[preview.tabler.io/tinymce4965.html]
[preview.tabler.io/tinymce6a08.html]
[preview.tabler.io/form-elements4965.html]
[preview.tabler.io/form-elements6a08.html]
[preview.tabler.io/empty4965.html]
[preview.tabler.io/empty6a08.html]
[preview.tabler.io/cookie-banner4965.html]
[preview.tabler.io/cookie-banner6a08.html]
[preview.tabler.io/chat4965.html]
[preview.tabler.io/chat6a08.html]
[preview.tabler.io/activity4965.html]
[preview.tabler.io/activity6a08.html]
[preview.tabler.io/gallery4965.html]
[preview.tabler.io/gallery6a08.html]
[preview.tabler.io/invoice4965.html]
[preview.tabler.io/invoice6a08.html]
[preview.tabler.io/search-results4965.html]
[preview.tabler.io/search-results6a08.html]
[preview.tabler.io/pricing4965.html]
[preview.tabler.io/pricing6a08.html]
[preview.tabler.io/pricing-table4965.html]
[preview.tabler.io/pricing-table6a08.html]
[preview.tabler.io/faq4965.html]
[preview.tabler.io/faq6a08.html]
[preview.tabler.io/users4965.html]
[preview.tabler.io/users6a08.html]
[preview.tabler.io/license4965.html]
[preview.tabler.io/license6a08.html]
[preview.tabler.io/logs4965.html]
[preview.tabler.io/logs6a08.html]
[preview.tabler.io/music4965.html]
[preview.tabler.io/music6a08.html]
[preview.tabler.io/photogrid4965.html]
[preview.tabler.io/photogrid6a08.html]
[preview.tabler.io/tasks4965.html]
[preview.tabler.io/tasks6a08.html]
[preview.tabler.io/uptime4965.html]
[preview.tabler.io/uptime6a08.html]
[preview.tabler.io/widgets4965.html]
[preview.tabler.io/widgets6a08.html]
[preview.tabler.io/job-listing4965.html]
[preview.tabler.io/job-listing6a08.html]
[preview.tabler.io/static/logo-small.svg]
[preview.tabler.io/layout-horizontal4965.html]
[preview.tabler.io/layout-horizontal6a08.html]
[preview.tabler.io/layout-boxed4965.html]
[preview.tabler.io/layout-boxed6a08.html]
[preview.tabler.io/layout-vertical4965.html]
[preview.tabler.io/layout-vertical6a08.html]
[preview.tabler.io/layout-vertical-transparent4965.html]
[preview.tabler.io/layout-vertical-transparent6a08.html]
[preview.tabler.io/layout-vertical-right4965.html]
[preview.tabler.io/layout-vertical-right6a08.html]
[preview.tabler.io/layout-condensed4965.html]
[preview.tabler.io/layout-condensed6a08.html]
[preview.tabler.io/layout-combo4965.html]
[preview.tabler.io/layout-combo6a08.html]
[preview.tabler.io/layout-navbar-dark4965.html]
[preview.tabler.io/layout-navbar-dark6a08.html]
[preview.tabler.io/layout-navbar-sticky4965.html]
[preview.tabler.io/layout-navbar-sticky6a08.html]
[preview.tabler.io/layout-navbar-overlap4965.html]
[preview.tabler.io/layout-navbar-overlap6a08.html]
[preview.tabler.io/dist/css/tabler.rtl.min4f79.css]
[preview.tabler.io/dist/css/tabler-flags.rtl.min4f79.css]
[preview.tabler.io/dist/css/tabler-payments.rtl.min4f79.css]
[preview.tabler.io/dist/css/tabler-vendors.rtl.min4f79.css]
[preview.tabler.io/dist/css/demo.rtl.min4f79.css]
[preview.tabler.io/layout-rtl4965.html]
[preview.tabler.io/layout-rtl6a08.html]
[preview.tabler.io/layout-fluid4965.html]
[preview.tabler.io/layout-fluid6a08.html]
[preview.tabler.io/layout-fluid-vertical4965.html]
[preview.tabler.io/layout-fluid-vertical6a08.html]
[preview.tabler.io/icons4965.html]
[preview.tabler.io/icons6a08.html]
[preview.tabler.io/emails4965.html]
[preview.tabler.io/emails6a08.html]
[preview.tabler.io/illustrations4965.html]
[preview.tabler.io/illustrations6a08.html]
[preview.tabler.io/changelog4965.html]
[preview.tabler.io/changelog6a08.html]
[preview.tabler.io/settings-plan4965.html]
[preview.tabler.io/settings-plan6a08.html]
